192.168.1.1 - - [01/Jan/2024:12:00:00] "GET /index.html HTTP/1.1" 200 1234
8.8.8.8 - - [01/Jan/2024:12:01:00] "GET /page.html HTTP/1.1" 200 5678
[WARN] Failed login from 203.0.113.45
185.220.101.1 - - [01/Jan/2024:12:02:00] "POST /login HTTP/1.1" 401 0
999.999.999.999 - Invalid IP test
123.45.67.89 - - [01/Jan/2024:12:03:00] "GET /admin HTTP/1.1" 403 0
98.128.173.33 - - [01/Jan/2024:12:04:00] "GET /api HTTP/1.1" 200 2048
97.90.239.170 - - [01/Jan/2024:12:05:00] "POST /data HTTP/1.1" 200 1024
95.211.244.28 - - [01/Jan/2024:12:06:00] "GET /login HTTP/1.1" 200 512
95.211.174.137 - - [01/Jan/2024:12:07:00] "GET /admin HTTP/1.1" 403 0
95.168.173.143 - - [01/Jan/2024:12:08:00] "POST /upload HTTP/1.1" 200 4096
95.143.193.125 - - [01/Jan/2024:12:09:00] "GET /dashboard HTTP/1.1" 200 8192
1.0.2.100 - - [01/Jan/2024:12:10:00] "GET /index.html HTTP/1.1" 200 1024
1.0.10.50 - - [01/Jan/2024:12:11:00] "POST /api/data HTTP/1.1" 200 2048
1.0.45.200 - - [01/Jan/2024:12:12:00] "GET /login HTTP/1.1" 200 512
1.1.0.100 - - [01/Jan/2024:12:13:00] "GET /admin HTTP/1.1" 403 0
1.1.30.75 - - [01/Jan/2024:12:14:00] "POST /upload HTTP/1.1" 200 4096
1.2.1.50 - - [01/Jan/2024:12:15:00] "GET /dashboard HTTP/1.1" 200 8192
1.2.100.25 - - [01/Jan/2024:12:16:00] "GET /api/users HTTP/1.1" 200 3072
1.3.128.90 - - [01/Jan/2024:12:17:00] "POST /login HTTP/1.1" 401 0
1.4.50.150 - - [01/Jan/2024:12:18:00] "GET /search HTTP/1.1" 200 1536
1.8.200.75 - - [01/Jan/2024:12:19:00] "GET /products HTTP/1.1" 200 2560
1.10.5.120 - - [01/Jan/2024:12:20:00] "POST /checkout HTTP/1.1" 200 4608
1.10.80.200 - - [01/Jan/2024:12:21:00] "GET /profile HTTP/1.1" 200 1280
1.12.100.50 - - [01/Jan/2024:12:22:00] "GET /settings HTTP/1.1" 200 896
